{
  "instance" : "A-n34-k5",
  "optimum" : 778,
  "parameters" : {
    "max-iter" : 100,
    "num-elite-ants" : 6,
    "beta" : 2,
    "pertubation-ratio" : 0.7,
    "lambda" : 0.95,
    "initial-temperature" : 5.0,
    "sa-max-tries" : 250,
    "initial-trail" : 0.5,
    "max-best-so-far-not-improved" : 5,
    "num-ants" : 34,
    "max-runtime" : 10,
    "max-best-unchanged" : 34,
    "evaporation-rate" : 0.9,
    "tabu-size" : 3,
    "alpha" : 1
  },
  "solution" : {
    "tour" : [ 0, 29, 27, 1, 23, 11, 8, 15, 0, 32, 28, 31, 25, 17, 19, 10, 0, 2, 9, 3, 12, 22, 16, 33, 20, 0, 14, 6, 7, 13, 21, 18, 0, 30, 24, 5, 26, 4, 0 ],
    "cost" : 789.0
  },
  "start" : "07-05-2018 01:32:53",
  "end" : "07-05-2018 01:33:04",
  "elapsed-time" : 11.612123175,
  "dev" : 1.4138817480719794
}