{
  "instance" : "A-n36-k5",
  "optimum" : 799,
  "parameters" : {
    "max-iter" : 100,
    "num-elite-ants" : 6,
    "beta" : 2,
    "pertubation-ratio" : 0.7,
    "lambda" : 0.95,
    "initial-temperature" : 5.0,
    "sa-max-tries" : 250,
    "initial-trail" : 0.5,
    "max-best-so-far-not-improved" : 5,
    "num-ants" : 36,
    "max-runtime" : 10,
    "max-best-unchanged" : 36,
    "evaporation-rate" : 0.9,
    "tabu-size" : 3,
    "alpha" : 1
  },
  "solution" : {
    "tour" : [ 0, 10, 7, 26, 0, 25, 27, 18, 32, 22, 21, 24, 0, 16, 1, 13, 17, 30, 29, 33, 31, 19, 4, 3, 6, 0, 11, 12, 28, 14, 9, 5, 0, 15, 8, 35, 2, 23, 34, 20, 0 ],
    "cost" : 813.0
  },
  "start" : "07-05-2018 01:31:37",
  "end" : "07-05-2018 01:31:47",
  "elapsed-time" : 10.01514182,
  "dev" : 1.7521902377972465
}