{
  "instance" : "A-n46-k7",
  "optimum" : 914,
  "parameters" : {
    "max-iter" : 100,
    "num-elite-ants" : 6,
    "beta" : 2,
    "pertubation-ratio" : 0.7,
    "lambda" : 0.95,
    "initial-temperature" : 5.0,
    "sa-max-tries" : 250,
    "initial-trail" : 0.5,
    "max-best-so-far-not-improved" : 5,
    "num-ants" : 46,
    "max-runtime" : 10,
    "max-best-unchanged" : 46,
    "evaporation-rate" : 0.9,
    "tabu-size" : 3,
    "alpha" : 1
  },
  "solution" : {
    "tour" : [ 0, 38, 4, 30, 13, 26, 43, 0, 32, 3, 22, 36, 0, 23, 14, 6, 45, 17, 21, 28, 9, 0, 5, 39, 25, 44, 10, 7, 0, 15, 24, 16, 42, 33, 8, 11, 0, 2, 37, 18, 35, 12, 0, 19, 20, 27, 1, 40, 34, 31, 29, 41, 0 ],
    "cost" : 1022.0
  },
  "start" : "07-05-2018 01:38:26",
  "end" : "07-05-2018 01:38:39",
  "elapsed-time" : 12.80071511,
  "dev" : 11.816192560175056
}