{
  "instance" : "A-n44-k6",
  "optimum" : 937,
  "parameters" : {
    "max-iter" : 100,
    "num-elite-ants" : 6,
    "beta" : 2,
    "pertubation-ratio" : 0.7,
    "lambda" : 0.95,
    "initial-temperature" : 5.0,
    "sa-max-tries" : 250,
    "initial-trail" : 0.5,
    "max-best-so-far-not-improved" : 5,
    "num-ants" : 44,
    "max-runtime" : 10,
    "max-best-unchanged" : 44,
    "evaporation-rate" : 0.9,
    "tabu-size" : 3,
    "alpha" : 1
  },
  "solution" : {
    "tour" : [ 0, 2, 29, 43, 40, 36, 9, 38, 0, 14, 13, 41, 42, 37, 11, 34, 0, 3, 12, 17, 25, 30, 23, 0, 33, 24, 27, 19, 5, 28, 15, 0, 4, 6, 39, 20, 26, 10, 32, 21, 7, 0, 8, 31, 1, 35, 18, 16, 22, 0 ],
    "cost" : 1328.0
  },
  "start" : "07-05-2018 01:57:59",
  "end" : "07-05-2018 01:58:11",
  "elapsed-time" : 12.303096019,
  "dev" : 41.72892209178228
}