{
  "instance" : "A-n45-k7",
  "optimum" : 1146,
  "parameters" : {
    "max-iter" : 100,
    "num-elite-ants" : 6,
    "beta" : 2,
    "pertubation-ratio" : 0.7,
    "lambda" : 0.95,
    "initial-temperature" : 5.0,
    "sa-max-tries" : 250,
    "initial-trail" : 0.5,
    "max-best-so-far-not-improved" : 5,
    "num-ants" : 45,
    "max-runtime" : 10,
    "max-best-unchanged" : 45,
    "evaporation-rate" : 0.9,
    "tabu-size" : 3,
    "alpha" : 1
  },
  "solution" : {
    "tour" : [ 0, 26, 34, 39, 35, 0, 32, 22, 10, 16, 7, 18, 0, 3, 11, 27, 29, 33, 21, 0, 2, 28, 43, 41, 19, 36, 31, 14, 0, 8, 15, 25, 23, 17, 20, 40, 0, 9, 5, 30, 37, 1, 42, 38, 13, 0, 12, 4, 6, 44, 24, 0 ],
    "cost" : 1230.0
  },
  "start" : "07-05-2018 01:38:14",
  "end" : "07-05-2018 01:38:26",
  "elapsed-time" : 12.383928104,
  "dev" : 7.329842931937172
}