{
  "instance" : "A-n45-k6",
  "optimum" : 944,
  "parameters" : {
    "max-iter" : 100,
    "num-elite-ants" : 6,
    "beta" : 2,
    "pertubation-ratio" : 0.7,
    "lambda" : 0.95,
    "initial-temperature" : 5.0,
    "sa-max-tries" : 250,
    "initial-trail" : 0.5,
    "max-best-so-far-not-improved" : 5,
    "num-ants" : 45,
    "max-runtime" : 10,
    "max-best-unchanged" : 45,
    "evaporation-rate" : 0.9,
    "tabu-size" : 3,
    "alpha" : 1
  },
  "solution" : {
    "tour" : [ 0, 26, 29, 43, 18, 28, 0, 14, 35, 31, 38, 0, 11, 40, 30, 19, 34, 37, 24, 0, 23, 3, 10, 8, 41, 33, 21, 5, 17, 27, 0, 12, 39, 36, 42, 4, 16, 22, 9, 0, 7, 32, 13, 20, 15, 25, 2, 0, 1, 44, 6, 0 ],
    "cost" : 994.0
  },
  "start" : "07-05-2018 01:33:53",
  "end" : "07-05-2018 01:34:05",
  "elapsed-time" : 12.272576303,
  "dev" : 5.296610169491525
}