{
  "instance" : "A-n54-k7",
  "optimum" : 1167,
  "parameters" : {
    "max-iter" : 100,
    "num-elite-ants" : 6,
    "beta" : 2,
    "pertubation-ratio" : 0.7,
    "lambda" : 0.95,
    "initial-temperature" : 5.0,
    "sa-max-tries" : 250,
    "initial-trail" : 0.5,
    "max-best-so-far-not-improved" : 5,
    "num-ants" : 54,
    "max-runtime" : 10,
    "max-best-unchanged" : 54,
    "evaporation-rate" : 0.9,
    "tabu-size" : 3,
    "alpha" : 1
  },
  "solution" : {
    "tour" : [ 0, 23, 29, 36, 1, 10, 15, 52, 0, 20, 49, 45, 26, 21, 33, 9, 17, 35, 0, 30, 34, 14, 48, 40, 8, 19, 0, 43, 4, 28, 7, 39, 50, 5, 18, 0, 44, 53, 3, 22, 13, 0, 25, 47, 46, 27, 32, 6, 16, 0, 41, 51, 42, 24, 2, 12, 37, 31, 11, 38, 0, 0, 0, 0, 0, 0, 0, 0, 0, 0, 0, 0, 0, 0, 0, 0, 0, 0, 0, 0, 0, 0, 0, 0, 0, 0, 0, 0, 0, 0, 0, 0, 0, 0, 0, 0, 0, 0, 0, 0, 0, 0, 0, 0, 0, 0, 0, 0, 0, 0, 0, 0, 0, 0, 0, 0, 0, 0, 0, 0, 0, 0, 0, 0, 0, 0, 0, 0, 0, 0, 0, 0, 0, 0, 0, 0, 0, 0, 0, 0, 0, 0, 0, 0, 0, 0, 0, 0, 0, 0, 0, 0, 0, 0, 0, 0, 0, 0, 0, 0, 0, 0, 0, 0, 0, 0, 0, 0, 0, 0, 0, 0, 0, 0, 0, 0, 0, 0, 0, 0, 0, 0, 0, 0 ],
    "cost" : 1287.0
  },
  "start" : "07-05-2018 01:31:47",
  "end" : "07-05-2018 01:31:57",
  "elapsed-time" : 10.077209381,
  "dev" : 10.282776349614396
}