{
  "instance" : "A-n62-k8",
  "optimum" : 1288,
  "parameters" : {
    "max-iter" : 100,
    "num-elite-ants" : 6,
    "beta" : 2,
    "pertubation-ratio" : 0.7,
    "lambda" : 0.95,
    "initial-temperature" : 5.0,
    "sa-max-tries" : 250,
    "initial-trail" : 0.5,
    "max-best-so-far-not-improved" : 5,
    "num-ants" : 62,
    "max-runtime" : 10,
    "max-best-unchanged" : 62,
    "evaporation-rate" : 0.9,
    "tabu-size" : 3,
    "alpha" : 1
  },
  "solution" : {
    "tour" : [ 0, 52, 2, 44, 22, 37, 16, 36, 0, 20, 50, 17, 58, 33, 4, 21, 41, 23, 54, 13, 53, 0, 28, 15, 56, 48, 0, 12, 18, 27, 39, 3, 42, 30, 0, 45, 47, 24, 46, 19, 38, 0, 7, 61, 29, 43, 8, 10, 51, 0, 34, 31, 25, 35, 49, 11, 9, 1, 5, 60, 14, 0, 40, 6, 32, 57, 55, 26, 59, 0 ],
    "cost" : 1376.0
  },
  "start" : "07-05-2018 01:31:57",
  "end" : "07-05-2018 01:32:07",
  "elapsed-time" : 10.113102903,
  "dev" : 6.832298136645963
}