{
  "instance" : "A-n65-k9",
  "optimum" : 1174,
  "parameters" : {
    "max-iter" : 100,
    "num-elite-ants" : 6,
    "beta" : 2,
    "pertubation-ratio" : 0.7,
    "lambda" : 0.95,
    "initial-temperature" : 5.0,
    "sa-max-tries" : 260,
    "initial-trail" : 0.5,
    "max-best-so-far-not-improved" : 5,
    "num-ants" : 65,
    "max-runtime" : 10,
    "max-best-unchanged" : 65,
    "evaporation-rate" : 0.9,
    "tabu-size" : 3,
    "alpha" : 1
  },
  "solution" : {
    "tour" : [ 0, 51, 46, 64, 6, 47, 17, 0, 55, 59, 56, 44, 29, 0, 45, 61, 42, 38, 2, 41, 16, 50, 60, 0, 49, 37, 30, 0, 26, 31, 34, 15, 27, 43, 0, 33, 1, 13, 12, 57, 48, 54, 11, 7, 0, 62, 28, 23, 63, 39, 0, 5, 32, 20, 58, 40, 53, 0, 21, 25, 8, 10, 52, 24, 19, 18, 0, 22, 9, 14, 3, 36, 35, 4, 0 ],
    "cost" : 1282.0
  },
  "start" : "07-05-2018 01:38:39",
  "end" : "07-05-2018 01:38:49",
  "elapsed-time" : 10.395404791,
  "dev" : 9.19931856899489
}