{
  "instance" : "A-n64-k9",
  "optimum" : 1401,
  "parameters" : {
    "max-iter" : 100,
    "num-elite-ants" : 6,
    "beta" : 2,
    "pertubation-ratio" : 0.7,
    "lambda" : 0.95,
    "initial-temperature" : 5.0,
    "sa-max-tries" : 256,
    "initial-trail" : 0.5,
    "max-best-so-far-not-improved" : 5,
    "num-ants" : 64,
    "max-runtime" : 10,
    "max-best-unchanged" : 64,
    "evaporation-rate" : 0.9,
    "tabu-size" : 3,
    "alpha" : 1
  },
  "solution" : {
    "tour" : [ 0, 19, 51, 20, 0, 6, 45, 53, 3, 15, 25, 0, 30, 55, 49, 44, 14, 27, 1, 17, 0, 42, 54, 58, 4, 34, 9, 0, 62, 48, 33, 0, 38, 12, 43, 28, 35, 26, 21, 7, 40, 36, 39, 59, 0, 29, 11, 57, 22, 18, 0, 31, 50, 46, 8, 16, 60, 24, 61, 13, 0, 23, 37, 5, 2, 63, 47, 32, 0, 56, 52, 41, 10, 0 ],
    "cost" : 1596.0
  },
  "start" : "07-05-2018 01:32:30",
  "end" : "07-05-2018 01:32:40",
  "elapsed-time" : 10.017123628,
  "dev" : 13.9186295503212
}