{
  "instance" : "B-n31-k5",
  "optimum" : 672,
  "parameters" : {
    "max-iter" : 100,
    "num-elite-ants" : 6,
    "beta" : 2,
    "pertubation-ratio" : 0.7,
    "lambda" : 0.95,
    "initial-temperature" : 5.0,
    "sa-max-tries" : 250,
    "initial-trail" : 0.5,
    "max-best-so-far-not-improved" : 5,
    "num-ants" : 31,
    "max-runtime" : 10,
    "max-best-unchanged" : 31,
    "evaporation-rate" : 0.9,
    "tabu-size" : 3,
    "alpha" : 1
  },
  "solution" : {
    "tour" : [ 0, 26, 28, 12, 30, 23, 8, 0, 21, 16, 18, 5, 25, 4, 29, 0, 22, 6, 9, 13, 17, 7, 0, 14, 15, 11, 24, 19, 1, 3, 0, 20, 27, 10, 2, 0 ],
    "cost" : 672.0
  },
  "start" : "07-05-2018 01:58:56",
  "end" : "07-05-2018 01:59:07",
  "elapsed-time" : 11.763124841,
  "dev" : 0.0
}